[html.xpressbuddy.com/coindox/index.html]
[backblue.gif]
[fade.gif]
[index.html]
[html.xpressbuddy.com/coindox/assets/img/favicon.png]
[html.xpressbuddy.com/coindox/assets/css/bootstrap.min.css]
[html.xpressbuddy.com/coindox/assets/css/fontawesome.css]
[html.xpressbuddy.com/coindox/assets/css/animate.css]
[html.xpressbuddy.com/coindox/assets/css/metisMenu.css]
[html.xpressbuddy.com/coindox/assets/css/magnific-popup.css]
[html.xpressbuddy.com/coindox/assets/css/main.css]
[html.xpressbuddy.com/coindox/assets/img/logo/logo-2.svg]
[html.xpressbuddy.com/coindox/assets/img/demo/demo-1.jpg]
[html.xpressbuddy.com/coindox/home-2.html]
[html.xpressbuddy.com/coindox/assets/img/demo/demo-2.jpg]
[html.xpressbuddy.com/coindox/home-3.html]
[html.xpressbuddy.com/coindox/assets/img/demo/demo-3.jpg]
[html.xpressbuddy.com/coindox/assets/img/demo/coming-soon.jpg]
[html.xpressbuddy.com/coindox/blog.html]
[html.xpressbuddy.com/coindox/blog-single.html]
[html.xpressbuddy.com/coindox/contact.html]
[html.xpressbuddy.com/coindox/assets/img/icon/chn_flag.png]
[html.xpressbuddy.com/coindox/assets/img/icon/rsa_flag.png]
[html.xpressbuddy.com/coindox/assets/img/icon/in_flag.png]
[html.xpressbuddy.com/coindox/assets/img/bg/blockchain_hero_bg.png]
[html.xpressbuddy.com/coindox/assets/img/icon/sc.svg]
[html.xpressbuddy.com/coindox/assets/img/icon/up_01.svg]
[html.xpressbuddy.com/coindox/assets/img/icon/check_badge.svg]
[html.xpressbuddy.com/coindox/assets/img/bg/uo_bg.png]
[html.xpressbuddy.com/coindox/assets/img/icon/up_02.svg]
[html.xpressbuddy.com/coindox/assets/img/about/about_shape1.png]
[html.xpressbuddy.com/coindox/assets/img/about/about_shape2.png]
[html.xpressbuddy.com/coindox/assets/img/about/about_shape3.png]
[html.xpressbuddy.com/coindox/assets/img/icon/syber_icon.svg]
[html.xpressbuddy.com/coindox/assets/img/icon/ul_icon.svg]
[html.xpressbuddy.com/coindox/assets/img/bg/advantages_bg.png]
[html.xpressbuddy.com/coindox/assets/img/icon/badge_active.svg]
[html.xpressbuddy.com/coindox/assets/img/icon/badge_deactive.svg]
[html.xpressbuddy.com/coindox/assets/img/icon/s_01.svg]
[html.xpressbuddy.com/coindox/assets/img/icon/s_02.svg]
[html.xpressbuddy.com/coindox/assets/img/icon/s_03.svg]
[html.xpressbuddy.com/coindox/assets/img/icon/s_04.svg]
[html.xpressbuddy.com/coindox/assets/img/shape/s_circle_1.png]
[html.xpressbuddy.com/coindox/assets/img/shape/s_circle_2.png]
[html.xpressbuddy.com/coindox/assets/img/shape/s_circle_3.png]
[html.xpressbuddy.com/coindox/assets/img/shape/s_circle_4.png]
[html.xpressbuddy.com/coindox/assets/img/icon/s_icon.png]
[html.xpressbuddy.com/coindox/assets/img/bg/team_sec_bg.png]
[html.xpressbuddy.com/coindox/assets/img/team/team_01.png]
[html.xpressbuddy.com/coindox/assets/img/icon/star.svg]
[html.xpressbuddy.com/coindox/assets/img/team/team_02.png]
[html.xpressbuddy.com/coindox/assets/img/team/team_03.png]
[html.xpressbuddy.com/coindox/assets/img/team/team_04.png]
[html.xpressbuddy.com/coindox/assets/img/icon/bitcoin_icon.png]
[html.xpressbuddy.com/coindox/assets/img/token/token-distribution.png]
[html.xpressbuddy.com/coindox/assets/img/icon/rm_icon.png]
[html.xpressbuddy.com/coindox/assets/img/bg/brand_bg.png]
[html.xpressbuddy.com/coindox/assets/img/brand/brand_01.png]
[html.xpressbuddy.com/coindox/assets/img/brand/brand_02.png]
[html.xpressbuddy.com/coindox/assets/img/brand/brand_03.png]
[html.xpressbuddy.com/coindox/assets/img/brand/brand_04.png]
[html.xpressbuddy.com/coindox/assets/img/brand/brand_05.png]
[html.xpressbuddy.com/coindox/assets/img/brand/brand_06.png]
[html.xpressbuddy.com/coindox/assets/img/brand/brand_07.png]
[html.xpressbuddy.com/coindox/assets/img/brand/brand_08.png]
[html.xpressbuddy.com/coindox/assets/img/brand/brand_09.png]
[html.xpressbuddy.com/coindox/assets/img/brand/brand_10.png]
[html.xpressbuddy.com/coindox/assets/img/brand/brand_11.png]
[html.xpressbuddy.com/coindox/assets/img/brand/brand_12.png]
[html.xpressbuddy.com/coindox/assets/img/bg/footer_bg2.jpg]
[html.xpressbuddy.com/coindox/assets/img/icon/discord.svg]
[html.xpressbuddy.com/coindox/assets/js/jquery-3.5.1.min.js]
[html.xpressbuddy.com/coindox/assets/js/bootstrap.bundle.min.js]
[html.xpressbuddy.com/coindox/assets/js/wow.min.js]
[html.xpressbuddy.com/coindox/assets/js/appear.js]
[html.xpressbuddy.com/coindox/assets/js/jquery.magnific-popup.min.js]
[html.xpressbuddy.com/coindox/assets/js/metisMenu.min.js]
[html.xpressbuddy.com/coindox/assets/js/jquery.marquee.min.js]
[html.xpressbuddy.com/coindox/assets/js/parallax-scroll.js]
[html.xpressbuddy.com/coindox/assets/js/countdown.js]
[html.xpressbuddy.com/coindox/assets/js/easing.min.js]
[html.xpressbuddy.com/coindox/assets/js/scrollspy.js]
[html.xpressbuddy.com/coindox/index.html]
[html.xpressbuddy.com/coindox/assets/js/main.js]
[html.xpressbuddy.com/coindox/assets/css/bootstrap.min.css]
[html.xpressbuddy.com/coindox/assets/fonts/fa-brands-400.ttf]
[html.xpressbuddy.com/coindox/assets/fonts/fa-light-300.ttf]
[html.xpressbuddy.com/coindox/assets/fonts/fa-regular-400.ttf]
[html.xpressbuddy.com/coindox/assets/css/fontawesome.css]
[html.xpressbuddy.com/coindox/assets/css/animate.css]
[html.xpressbuddy.com/coindox/assets/css/metisMenu.css]
[html.xpressbuddy.com/coindox/assets/css/magnific-popup.css]
[html.xpressbuddy.com/coindox/assets/fonts/fa-solid-900.ttf]
[html.xpressbuddy.com/coindox/assets/img/bg/hd_btn_bg.svg]
[html.xpressbuddy.com/coindox/assets/img/bg/hd_btn_bg-hover.svg]
[html.xpressbuddy.com/coindox/assets/img/bg/lang_bg.svg]
[html.xpressbuddy.com/coindox/assets/img/icon/btn-border.svg]
[html.xpressbuddy.com/coindox/assets/img/icon/btn-border-hover.svg]
[html.xpressbuddy.com/coindox/assets/img/icon/btn-border-white.svg]
[html.xpressbuddy.com/coindox/assets/img/shape/t_data_bg.png]
[html.xpressbuddy.com/coindox/assets/img/bg/td_bg.png]
[html.xpressbuddy.com/coindox/assets/img/shape/rmm_shape.png]
[html.xpressbuddy.com/coindox/assets/img/bg/rm_bg2.png]
[html.xpressbuddy.com/coindox/assets/img/bg/rm_bg1.png]
[html.xpressbuddy.com/coindox/assets/img/icon/s_icon_bg.png]
[html.xpressbuddy.com/coindox/assets/img/bg/team_bg1.png]
[html.xpressbuddy.com/coindox/assets/img/bg/team_bg2.png]
[html.xpressbuddy.com/coindox/assets/img/bg/rating_bg.png]
[html.xpressbuddy.com/coindox/assets/img/icon/faq_arrow_bg1.png]
[html.xpressbuddy.com/coindox/assets/img/icon/faq_arrow_bg2.png]
[html.xpressbuddy.com/coindox/assets/img/bg/faq_bg.png]
[html.xpressbuddy.com/coindox/assets/img/bg/ui_bg1.svg]
[html.xpressbuddy.com/coindox/assets/img/bg/ui_bg2.svg]
[html.xpressbuddy.com/coindox/assets/img/shape/social_bg.png]
[html.xpressbuddy.com/coindox/assets/img/shape/social_bg-hover.png]
[html.xpressbuddy.com/coindox/assets/img/bg/form_bg.png]
[html.xpressbuddy.com/coindox/assets/img/bg/sb_btn_bg.svg]
[html.xpressbuddy.com/coindox/assets/img/bg/sb_btn_bg-hover.svg]
[html.xpressbuddy.com/coindox/assets/css/main.css]
[html.xpressbuddy.com/coindox/assets/img/logo/logo-2.svg]
[html.xpressbuddy.com/coindox/assets/img/logo/logo-3.svg]
[html.xpressbuddy.com/coindox/assets/img/icon/user.svg]
[html.xpressbuddy.com/coindox/assets/img/bg/hero_img.png]
[html.xpressbuddy.com/coindox/assets/img/brand/br_01.png]
[html.xpressbuddy.com/coindox/assets/img/brand/br_02.png]
[html.xpressbuddy.com/coindox/assets/img/brand/br_03.png]
[html.xpressbuddy.com/coindox/assets/img/brand/br_04.png]
[html.xpressbuddy.com/coindox/assets/img/brand/br_05.png]
[html.xpressbuddy.com/coindox/assets/img/icon/srv_01.svg]
[html.xpressbuddy.com/coindox/assets/img/icon/srv_02.svg]
[html.xpressbuddy.com/coindox/assets/img/icon/srv_03.svg]
[html.xpressbuddy.com/coindox/assets/img/icon/srv_04.svg]
[html.xpressbuddy.com/coindox/assets/img/icon/srv_05.svg]
[html.xpressbuddy.com/coindox/assets/img/icon/srv_06.svg]
[html.xpressbuddy.com/coindox/assets/img/about/abt_01.png]
[html.xpressbuddy.com/coindox/assets/img/about/abt_02.png]
[html.xpressbuddy.com/coindox/assets/img/product/prd_01.png]
[html.xpressbuddy.com/coindox/assets/img/product/prd_02.png]
[html.xpressbuddy.com/coindox/assets/img/product/prd_03.png]
[html.xpressbuddy.com/coindox/assets/img/bg/cta_bg1.png]
[html.xpressbuddy.com/coindox/assets/img/bg/cta_bg2.png]
[html.xpressbuddy.com/coindox/home-2.html]
[html.xpressbuddy.com/coindox/assets/img/logo/logo.svg]
[html.xpressbuddy.com/coindox/assets/img/icon/us_flag.png]
[html.xpressbuddy.com/coindox/assets/img/bg/hero_bg.png]
[html.xpressbuddy.com/coindox/assets/img/shape/h_shape.png]
[html.xpressbuddy.com/coindox/assets/img/shape/h_shape2.png]
[html.xpressbuddy.com/coindox/assets/img/shape/h_shape3.png]
[html.xpressbuddy.com/coindox/assets/img/icon/coin1.png]
[html.xpressbuddy.com/coindox/assets/img/icon/coin2.png]
[html.xpressbuddy.com/coindox/assets/img/icon/coin3.png]
[html.xpressbuddy.com/coindox/assets/img/icon/coin4.png]
[html.xpressbuddy.com/coindox/assets/img/icon/coin5.png]
[html.xpressbuddy.com/coindox/assets/img/icon/coin6.png]
[html.xpressbuddy.com/coindox/assets/img/about/about_img.png]
[html.xpressbuddy.com/coindox/assets/img/shape/about_shape.png]
[html.xpressbuddy.com/coindox/assets/img/icon/a_arrow.svg]
[html.xpressbuddy.com/coindox/assets/img/shape/s_shape2.png]
[html.xpressbuddy.com/coindox/assets/img/icon/f_01.svg]
[html.xpressbuddy.com/coindox/assets/img/icon/f_02.svg]
[html.xpressbuddy.com/coindox/assets/img/icon/f_03.svg]
[html.xpressbuddy.com/coindox/assets/img/icon/f_04.svg]
[html.xpressbuddy.com/coindox/assets/img/icon/f_05.svg]
[html.xpressbuddy.com/coindox/assets/img/shape/f_shape.png]
[html.xpressbuddy.com/coindox/assets/img/shape/s_shape1.png]
[html.xpressbuddy.com/coindox/assets/img/token/token_chart.png]
[html.xpressbuddy.com/coindox/assets/img/token/token_chart2.png]
[html.xpressbuddy.com/coindox/assets/img/icon/rm_01.svg]
[html.xpressbuddy.com/coindox/assets/img/icon/rm_02.svg]
[html.xpressbuddy.com/coindox/assets/img/icon/rm_03.svg]
[html.xpressbuddy.com/coindox/assets/img/icon/rm_04.svg]
[html.xpressbuddy.com/coindox/assets/img/shape/rm_shape.png]
[html.xpressbuddy.com/coindox/assets/img/token/t_info_img.png]
[html.xpressbuddy.com/coindox/assets/img/shape/ti_shape.png]
[html.xpressbuddy.com/coindox/assets/img/shape/ti_shape2.png]
[html.xpressbuddy.com/coindox/assets/img/team/img_01.png]
[html.xpressbuddy.com/coindox/assets/img/team/img_02.png]
[html.xpressbuddy.com/coindox/assets/img/team/img_03.png]
[html.xpressbuddy.com/coindox/assets/img/team/img_04.png]
[html.xpressbuddy.com/coindox/assets/img/shape/t_shape1.png]
[html.xpressbuddy.com/coindox/assets/img/shape/t_shape2.png]
[html.xpressbuddy.com/coindox/assets/img/brand/img_01.png]
[html.xpressbuddy.com/coindox/assets/img/brand/img_02.png]
[html.xpressbuddy.com/coindox/assets/img/brand/img_03.png]
[html.xpressbuddy.com/coindox/assets/img/brand/img_04.png]
[html.xpressbuddy.com/coindox/assets/img/brand/img_05.png]
[html.xpressbuddy.com/coindox/assets/img/brand/img_06.png]
[html.xpressbuddy.com/coindox/assets/img/brand/img_07.png]
[html.xpressbuddy.com/coindox/assets/img/brand/img_08.png]
[html.xpressbuddy.com/coindox/assets/img/shape/c_shape1.png]
[html.xpressbuddy.com/coindox/assets/img/shape/c_shape2.png]
[html.xpressbuddy.com/coindox/assets/img/shape/f_shape1.png]
[html.xpressbuddy.com/coindox/assets/img/shape/f_shape2.png]
[html.xpressbuddy.com/coindox/assets/img/shape/f_shape3.png]
[html.xpressbuddy.com/coindox/assets/img/bg/footer_bg.png]
[html.xpressbuddy.com/coindox/assets/img/icon/pdf.svg]
[html.xpressbuddy.com/coindox/assets/img/shape/f_icon1.png]
[html.xpressbuddy.com/coindox/assets/img/shape/f_icon2.png]
[html.xpressbuddy.com/coindox/home-3.html]
[html.xpressbuddy.com/coindox/assets/img/shape/b_shape1.png]
[html.xpressbuddy.com/coindox/assets/img/icon/bi_01.png]
[html.xpressbuddy.com/coindox/assets/img/icon/bi_02.png]
[html.xpressbuddy.com/coindox/assets/img/icon/bi_03.png]
[html.xpressbuddy.com/coindox/assets/img/icon/bi_04.png]
[html.xpressbuddy.com/coindox/assets/img/blog/img_01.jpg]
[html.xpressbuddy.com/coindox/assets/img/blog/img_02.jpg]
[html.xpressbuddy.com/coindox/assets/img/blog/img_03.jpg]
[html.xpressbuddy.com/coindox/assets/img/blog/img_04.jpg]
[html.xpressbuddy.com/coindox/assets/img/blog/w_01.jpg]
[html.xpressbuddy.com/coindox/assets/img/blog/w_02.jpg]
[html.xpressbuddy.com/coindox/assets/img/blog/w_03.jpg]
[html.xpressbuddy.com/coindox/assets/img/shape/b_shape2.png]
[html.xpressbuddy.com/coindox/assets/img/shape/b_shape3.png]
[html.xpressbuddy.com/coindox/assets/img/shape/b_shape4.png]
[html.xpressbuddy.com/coindox/blog.html]
[html.xpressbuddy.com/coindox/assets/img/shape/b_shape5.png]
[html.xpressbuddy.com/coindox/assets/img/blog/img_05.jpg]
[html.xpressbuddy.com/coindox/assets/img/icon/quote.svg]
[html.xpressbuddy.com/coindox/assets/img/blog/img_06.jpg]
[html.xpressbuddy.com/coindox/assets/img/blog/img_07.jpg]
[html.xpressbuddy.com/coindox/assets/img/avatar/avatar1.png]
[html.xpressbuddy.com/coindox/assets/img/icon/grid_icon.png]
[html.xpressbuddy.com/coindox/assets/img/avatar/avatar2.png]
[html.xpressbuddy.com/coindox/assets/img/avatar/avatar3.png]
[html.xpressbuddy.com/coindox/blog-single.html]
[html.xpressbuddy.com/coindox/assets/img/icon/call.svg]
[html.xpressbuddy.com/coindox/assets/img/icon/mail.svg]
[html.xpressbuddy.com/coindox/assets/img/icon/location.svg]
[html.xpressbuddy.com/coindox/contact.html]
[html.xpressbuddy.com/coindox/assets/img/icon/sc.svg]
[html.xpressbuddy.com/coindox/assets/img/icon/up_01.svg]
[html.xpressbuddy.com/coindox/assets/img/icon/check_badge.svg]
[html.xpressbuddy.com/coindox/assets/img/icon/up_02.svg]
[html.xpressbuddy.com/coindox/assets/img/icon/syber_icon.svg]
[html.xpressbuddy.com/coindox/assets/img/icon/ul_icon.svg]
[html.xpressbuddy.com/coindox/assets/img/icon/badge_active.svg]
[html.xpressbuddy.com/coindox/assets/img/icon/badge_deactive.svg]
[html.xpressbuddy.com/coindox/assets/img/icon/s_01.svg]
[html.xpressbuddy.com/coindox/assets/img/icon/s_02.svg]
[html.xpressbuddy.com/coindox/assets/img/icon/s_03.svg]
[html.xpressbuddy.com/coindox/assets/img/icon/s_04.svg]
[html.xpressbuddy.com/coindox/assets/img/icon/star.svg]
[html.xpressbuddy.com/coindox/assets/img/icon/discord.svg]
[html.xpressbuddy.com/coindox/assets/js/jquery-3.5.1.min.js]
[html.xpressbuddy.com/coindox/assets/js/bootstrap.bundle.min.js]
[html.xpressbuddy.com/coindox/assets/js/wow.min.js]
[html.xpressbuddy.com/coindox/assets/js/appear.js]
[html.xpressbuddy.com/coindox/assets/js/jquery.magnific-popup.min.js]
[html.xpressbuddy.com/coindox/assets/js/metisMenu.min.js]
[html.xpressbuddy.com/coindox/assets/js/jquery.marquee.min.js]
[html.xpressbuddy.com/coindox/assets/js/parallax-scroll.js]
[html.xpressbuddy.com/coindox/assets/js/countdown.js]
[html.xpressbuddy.com/coindox/assets/js/easing.min.js]
[html.xpressbuddy.com/coindox/assets/js/scrollspy.js]
[html.xpressbuddy.com/coindox/assets/js/main.js]
[html.xpressbuddy.com/coindox/assets/img/bg/hd_btn_bg.svg]
[html.xpressbuddy.com/coindox/assets/img/bg/hd_btn_bg-hover.svg]
[html.xpressbuddy.com/coindox/assets/img/bg/lang_bg.svg]
[html.xpressbuddy.com/coindox/assets/img/icon/btn-border.svg]
[html.xpressbuddy.com/coindox/assets/img/icon/btn-border-hover.svg]
[html.xpressbuddy.com/coindox/assets/img/icon/btn-border-white.svg]
[html.xpressbuddy.com/coindox/assets/img/bg/ui_bg1.svg]
[html.xpressbuddy.com/coindox/assets/img/bg/ui_bg2.svg]
[html.xpressbuddy.com/coindox/assets/img/bg/table_bg.svg]
[html.xpressbuddy.com/coindox/assets/img/bg/sb_btn_bg.svg]
[html.xpressbuddy.com/coindox/assets/img/bg/sb_btn_bg-hover.svg]
[html.xpressbuddy.com/coindox/assets/img/logo/logo-3.svg]
[html.xpressbuddy.com/coindox/assets/img/icon/user.svg]
[html.xpressbuddy.com/coindox/assets/img/icon/srv_01.svg]
[html.xpressbuddy.com/coindox/assets/img/icon/srv_02.svg]
[html.xpressbuddy.com/coindox/assets/img/icon/srv_03.svg]
[html.xpressbuddy.com/coindox/assets/img/icon/srv_04.svg]
[html.xpressbuddy.com/coindox/assets/img/icon/srv_05.svg]
[html.xpressbuddy.com/coindox/assets/img/icon/srv_06.svg]
[html.xpressbuddy.com/coindox/assets/img/logo/logo.svg]
[html.xpressbuddy.com/coindox/assets/img/icon/a_arrow.svg]
[html.xpressbuddy.com/coindox/assets/img/icon/f_01.svg]
[html.xpressbuddy.com/coindox/assets/img/icon/f_02.svg]
[html.xpressbuddy.com/coindox/assets/img/icon/f_03.svg]
[html.xpressbuddy.com/coindox/assets/img/icon/f_04.svg]
[html.xpressbuddy.com/coindox/assets/img/icon/f_05.svg]
[html.xpressbuddy.com/coindox/assets/img/icon/rm_01.svg]
[html.xpressbuddy.com/coindox/assets/img/icon/rm_02.svg]
[html.xpressbuddy.com/coindox/assets/img/icon/rm_03.svg]
[html.xpressbuddy.com/coindox/assets/img/icon/rm_04.svg]
[html.xpressbuddy.com/coindox/assets/img/icon/pdf.svg]
[html.xpressbuddy.com/coindox/assets/img/icon/quote.svg]
[html.xpressbuddy.com/coindox/assets/img/icon/call.svg]
[html.xpressbuddy.com/coindox/assets/img/icon/mail.svg]
[html.xpressbuddy.com/coindox/assets/img/icon/location.svg]
